
================================================================================
CLASS IMBALANCE COMPARISON - TRAIN SET
================================================================================

================================================================================
Analyzing Seq 20 - TRAIN set
================================================================================

📦 Loading checkpoint: checkpt-epoch=03-valid_acc=0.72.ckpt

[DEBUG] Sample metadata SUBJECT_IDs: ['sub-NDARYK164AEJ', 'sub-NDARFX083RCV', 'sub-NDARYF463RKF']
[DEBUG] Sample data subject_ids: ['sub-NDARKZ198TAA', 'sub-NDARGT267UZR', 'sub-NDARGV781AMW']
[DEBUG] Total metadata subjects: 677
[DEBUG] Total data subjects: 677
현재 실행중인 stage: fit
Number of sequences: 17410
Number of unique subjects: 473
Number of sequences: 3737
Number of unique subjects: 101
Number of sequences: 3811
Number of unique subjects: 103
number of train_subj: 473
number of val_subj: 101
length of train_idx: 17410
length of val_idx: 3737
number of test_subj: 103
length of test_idx: 3811
Dataset size: 17410 sequences
/home/connectome/kimbo/.conda/envs/swiftio/lib/python3.9/site-packages/torch/_utils.py:776: UserWarning: TypedStorage is deprecated. It will be removed in the future and UntypedStorage will be the only storage class. This should only matter to you if you are using storages directly.  To access UntypedStorage directly, use tensor.untyped_storage() instead of tensor.storage()
  return self.fget.__get__(instance, owner)()
/home/connectome/kimbo/.conda/envs/swiftio/lib/python3.9/site-packages/torch/_utils.py:776: UserWarning: TypedStorage is deprecated. It will be removed in the future and UntypedStorage will be the only storage class. This should only matter to you if you are using storages directly.  To access UntypedStorage directly, use tensor.untyped_storage() instead of tensor.storage()
  return self.fget.__get__(instance, owner)()
/home/connectome/kimbo/.conda/envs/swiftio/lib/python3.9/site-packages/torch/_utils.py:776: UserWarning: TypedStorage is deprecated. It will be removed in the future and UntypedStorage will be the only storage class. This should only matter to you if you are using storages directly.  To access UntypedStorage directly, use tensor.untyped_storage() instead of tensor.storage()
  return self.fget.__get__(instance, owner)()
/home/connectome/kimbo/.conda/envs/swiftio/lib/python3.9/site-packages/torch/_utils.py:776: UserWarning: TypedStorage is deprecated. It will be removed in the future and UntypedStorage will be the only storage class. This should only matter to you if you are using storages directly.  To access UntypedStorage directly, use tensor.untyped_storage() instead of tensor.storage()
  return self.fget.__get__(instance, owner)()
  Processing batch 0/2177
  Processing batch 100/2177
  Processing batch 200/2177
  Processing batch 300/2177
  Processing batch 400/2177
  Processing batch 500/2177
  Processing batch 600/2177
  Processing batch 700/2177
  Processing batch 800/2177
  Processing batch 900/2177
  Processing batch 1000/2177
  Processing batch 1100/2177
  Processing batch 1200/2177
  Processing batch 1300/2177
  Processing batch 1400/2177
  Processing batch 1500/2177
  Processing batch 1600/2177
  Processing batch 1700/2177
  Processing batch 1800/2177
  Processing batch 1900/2177
  Processing batch 2000/2177
  Processing batch 2100/2177

✅ Collected 348200 total samples (sequences * time)
   → 17410 sequences × 20 timesteps = 348200 samples

Emotion      Total      Positive   Negative   NaN        Pos %      Imbalance 
------------------------------------------------------------------------------------------
Anger        348200     103657     244543     0          29.77    % 2.4      :1
Happy        348200     55460      292740     0          15.93    % 5.3      :1
Fear         348200     67252      280948     0          19.31    % 4.2      :1
Sad          348200     30638      317562     0          8.80     % 10.4     :1
Excited      348200     76217      271983     0          21.89    % 3.6      :1
Positive     348200     177889     170311     0          51.09    % 1.0      :1
Negative     348200     80524      267676     0          23.13    % 3.3      :1

================================================================================
Analyzing Seq 30 - TRAIN set
================================================================================

📦 Loading checkpoint: checkpt-epoch=03-valid_acc=0.72.ckpt

[DEBUG] Sample metadata SUBJECT_IDs: ['sub-NDARYK164AEJ', 'sub-NDARFX083RCV', 'sub-NDARYF463RKF']
[DEBUG] Sample data subject_ids: ['sub-NDARKZ198TAA', 'sub-NDARGT267UZR', 'sub-NDARGV781AMW']
[DEBUG] Total metadata subjects: 677
[DEBUG] Total data subjects: 677
현재 실행중인 stage: fit
Number of sequences: 11762
Number of unique subjects: 473
Number of sequences: 2525
Number of unique subjects: 101
Number of sequences: 2575
Number of unique subjects: 103
number of train_subj: 473
number of val_subj: 101
length of train_idx: 11762
length of val_idx: 2525
number of test_subj: 103
length of test_idx: 2575
Dataset size: 11762 sequences
/home/connectome/kimbo/.conda/envs/swiftio/lib/python3.9/site-packages/torch/_utils.py:776: UserWarning: TypedStorage is deprecated. It will be removed in the future and UntypedStorage will be the only storage class. This should only matter to you if you are using storages directly.  To access UntypedStorage directly, use tensor.untyped_storage() instead of tensor.storage()
  return self.fget.__get__(instance, owner)()
/home/connectome/kimbo/.conda/envs/swiftio/lib/python3.9/site-packages/torch/_utils.py:776: UserWarning: TypedStorage is deprecated. It will be removed in the future and UntypedStorage will be the only storage class. This should only matter to you if you are using storages directly.  To access UntypedStorage directly, use tensor.untyped_storage() instead of tensor.storage()
  return self.fget.__get__(instance, owner)()
/home/connectome/kimbo/.conda/envs/swiftio/lib/python3.9/site-packages/torch/_utils.py:776: UserWarning: TypedStorage is deprecated. It will be removed in the future and UntypedStorage will be the only storage class. This should only matter to you if you are using storages directly.  To access UntypedStorage directly, use tensor.untyped_storage() instead of tensor.storage()
  return self.fget.__get__(instance, owner)()
/home/connectome/kimbo/.conda/envs/swiftio/lib/python3.9/site-packages/torch/_utils.py:776: UserWarning: TypedStorage is deprecated. It will be removed in the future and UntypedStorage will be the only storage class. This should only matter to you if you are using storages directly.  To access UntypedStorage directly, use tensor.untyped_storage() instead of tensor.storage()
  return self.fget.__get__(instance, owner)()
  Processing batch 0/1471
  Processing batch 100/1471
  Processing batch 200/1471
  Processing batch 300/1471
  Processing batch 400/1471
  Processing batch 500/1471
  Processing batch 600/1471
  Processing batch 700/1471
  Processing batch 800/1471
  Processing batch 900/1471
  Processing batch 1000/1471
  Processing batch 1100/1471
  Processing batch 1200/1471
  Processing batch 1300/1471
  Processing batch 1400/1471

✅ Collected 352860 total samples (sequences * time)
   → 11762 sequences × 30 timesteps = 352860 samples

Emotion      Total      Positive   Negative   NaN        Pos %      Imbalance 
------------------------------------------------------------------------------------------
Anger        352860     103644     249216     0          29.37    % 2.4      :1
Happy        352860     55460      297400     0          15.72    % 5.4      :1
Fear         352860     67252      285608     0          19.06    % 4.2      :1
Sad          352860     30638      322222     0          8.68     % 10.5     :1
Excited      352860     77140      275720     0          21.86    % 3.6      :1
Positive     352860     177879     174981     0          50.41    % 1.0      :1
Negative     352860     80516      272344     0          22.82    % 3.4      :1

================================================================================
COMPARISON: Seq 20 vs Seq 30
================================================================================

Emotion      Seq20 Pos%   Seq30 Pos%   Δ Pos%       Seq20 Imb    Seq30 Imb    Δ Imb       
------------------------------------------------------------------------------------------
Anger        29.77      % 29.37      %       -0.40% 2.4        :1 2.4        :1        +0.0 ✓ OK
Happy        15.93      % 15.72      %       -0.21% 5.3        :1 5.4        :1        +0.1 ✓ OK
Fear         19.31      % 19.06      %       -0.26% 4.2        :1 4.2        :1        +0.1 ✓ OK
Sad          8.80       % 8.68       %       -0.12% 10.4       :1 10.5       :1        +0.2 ✓ OK
Excited      21.89      % 21.86      %       -0.03% 3.6        :1 3.6        :1        +0.0 ✓ OK
Positive     51.09      % 50.41      %       -0.68% 1.0        :1 1.0        :1        +0.0 ✓ OK
Negative     23.13      % 22.82      %       -0.31% 3.3        :1 3.4        :1        +0.1 ✓ OK

================================================================================
KEY INSIGHTS:
================================================================================

1. Imbalance Amplification:
   If Δ Imb > 1, longer sequences worsen class imbalance

2. Sample Distribution:
   Seq 20: More sequences, shorter duration
   Seq 30: Fewer sequences, longer duration
   Total samples (N*T) should be similar, but distribution changes

3. Expected Pattern:
   If seq 30 has WORSE imbalance → explains collapse
   If seq 30 has SIMILAR imbalance → collapse due to other factors

================================================================================

================================================================================
DONE!
================================================================================
